// Jest Snapshot v1, https://goo.gl/fbAQLP

exports[`renders correctly 1`] = `
<video
  autoPlay={true}
  className="react-webcam"
  muted={false}
  playsInline={true}
  style={
    Object {
      "transform": "rotate(180deg)",
    }
  }
/>
`;
